[    0.000000] Linux version 4.15.0-88-generic (buildd@lgw01-amd64-036) (gcc version 7.4.0 (Ubuntu 7.4.0-1ubuntu1~18.04.1)) #88-Ubuntu SMP Tue Feb 11 20:11:34 UTC 2020 (Ubuntu 4.15.0-88.88-generic 4.15.18)
[    0.000000] Command line: BOOT_IMAGE=/boot/vmlinuz-4.15.0-88-generic root=LABEL=cloudimg-rootfs ro console=tty1 console=ttyS0
[    0.000000] KERNEL supported cpus:
[    0.000000]   Intel GenuineIntel
[    0.000000]   AMD AuthenticAMD
[    0.000000]   Centaur CentaurHauls
[    0.000000] x86/fpu: Supporting XSAVE feature 0x001: 'x87 floating point registers'
[    0.000000] x86/fpu: Supporting XSAVE feature 0x002: 'SSE registers'
[    0.000000] x86/fpu: Supporting XSAVE feature 0x004: 'AVX registers'
[    0.000000] x86/fpu: xstate_offset[2]:  576, xstate_sizes[2]:  256
[    0.000000] x86/fpu: Enabled xstate features 0x7, context size is 832 bytes, using 'standard' format.
[    0.000000] e820: BIOS-provided physical RAM map:
[    0.000000] BIOS-e820: [mem 0x0000000000000000-0x000000000009fbff] usable
[    0.000000] BIOS-e820: [mem 0x000000000009fc00-0x000000000009ffff] reserved
[    0.000000] BIOS-e820: [mem 0x00000000000f0000-0x00000000000fffff] reserved
[    0.000000] BIOS-e820: [mem 0x0000000000100000-0x000000000ffeffff] usable
[    0.000000] BIOS-e820: [mem 0x000000000fff0000-0x000000000fffffff] ACPI data
[    0.000000] BIOS-e820: [mem 0x00000000fec00000-0x00000000fec00fff] reserved
[    0.000000] BIOS-e820: [mem 0x00000000fee00000-0x00000000fee00fff] reserved
[    0.000000] BIOS-e820: [mem 0x00000000fffc0000-0x00000000ffffffff] reserved
[    0.000000] NX (Execute Disable) protection: active
[    0.000000] SMBIOS 2.5 present.
[    0.000000] DMI: innotek GmbH VirtualBox/VirtualBox, BIOS VirtualBox 12/01/2006
[    0.000000] Hypervisor detected: KVM
[    0.000000] e820: last_pfn = 0xfff0 max_arch_pfn = 0x400000000
[    0.000000] MTRR: Disabled
[    0.000000] x86/PAT: MTRRs disabled, skipping PAT initialization too.
[    0.000000] CPU MTRRs all blank - virtualized system.
[    0.000000] x86/PAT: Configuration [0-7]: WB  WT  UC- UC  WB  WT  UC- UC  
[    0.000000] found SMP MP-table at [mem 0x0009fff0-0x0009ffff]
[    0.000000] Scanning 1 areas for low memory corruption
[    0.000000] RAMDISK: [mem 0x0db44000-0x0ee03fff]
[    0.000000] ACPI: Early table checksum verification disabled
[    0.000000] ACPI: RSDP 0x00000000000E0000 000024 (v02 VBOX  )
[    0.000000] ACPI: XSDT 0x000000000FFF0030 00003C (v01 VBOX   VBOXXSDT 00000001 ASL  00000061)
[    0.000000] ACPI: FACP 0x000000000FFF00F0 0000F4 (v04 VBOX   VBOXFACP 00000001 ASL  00000061)
[    0.000000] ACPI: DSDT 0x000000000FFF0470 002325 (v02 VBOX   VBOXBIOS 00000002 INTL 20180105)
[    0.000000] ACPI: FACS 0x000000000FFF0200 000040
[    0.000000] ACPI: FACS 0x000000000FFF0200 000040
[    0.000000] ACPI: APIC 0x000000000FFF0240 000054 (v02 VBOX   VBOXAPIC 00000001 ASL  00000061)
[    0.000000] ACPI: SSDT 0x000000000FFF02A0 0001CC (v01 VBOX   VBOXCPUT 00000002 INTL 20180105)
[    0.000000] No NUMA configuration found
[    0.000000] Faking a node at [mem 0x0000000000000000-0x000000000ffeffff]
[    0.000000] NODE_DATA(0) allocated [mem 0x0ffc5000-0x0ffeffff]
[    0.000000] kvm-clock: cpu 0, msr 0:ff44001, primary cpu clock
[    0.000000] kvm-clock: Using msrs 4b564d01 and 4b564d00
[    0.000000] kvm-clock: using sched offset of 3168813771 cycles
[    0.000000] clocksource: kvm-clock: mask: 0xffffffffffffffff max_cycles: 0x1cd42e4dffb, max_idle_ns: 881590591483 ns
[    0.000000] Zone ranges:
[    0.000000]   DMA      [mem 0x0000000000001000-0x0000000000ffffff]
[    0.000000]   DMA32    [mem 0x0000000001000000-0x000000000ffeffff]
[    0.000000]   Normal   empty
[    0.000000]   Device   empty
[    0.000000] Movable zone start for each node
[    0.000000] Early memory node ranges
[    0.000000]   node   0: [mem 0x0000000000001000-0x000000000009efff]
[    0.000000]   node   0: [mem 0x0000000000100000-0x000000000ffeffff]
[    0.000000] Reserved but unavailable: 98 pages
[    0.000000] Initmem setup node 0 [mem 0x0000000000001000-0x000000000ffeffff]
[    0.000000] ACPI: PM-Timer IO Port: 0x4008
[    0.000000] IOAPIC[0]: apic_id 1, version 32, address 0xfec00000, GSI 0-23
[    0.000000] ACPI: INT_SRC_OVR (bus 0 bus_irq 0 global_irq 2 dfl dfl)
[    0.000000] ACPI: INT_SRC_OVR (bus 0 bus_irq 9 global_irq 9 low level)
[    0.000000] Using ACPI (MADT) for SMP configuration information
[    0.000000] smpboot: Allowing 1 CPUs, 0 hotplug CPUs
[    0.000000] PM: Registered nosave memory: [mem 0x00000000-0x00000fff]
[    0.000000] PM: Registered nosave memory: [mem 0x0009f000-0x0009ffff]
[    0.000000] PM: Registered nosave memory: [mem 0x000a0000-0x000effff]
[    0.000000] PM: Registered nosave memory: [mem 0x000f0000-0x000fffff]
[    0.000000] e820: [mem 0x10000000-0xfebfffff] available for PCI devices
[    0.000000] Booting paravirtualized kernel on KVM
[    0.000000] clocksource: refined-jiffies: mask: 0xffffffff max_cycles: 0xffffffff, max_idle_ns: 7645519600211568 ns
[    0.000000] random: get_random_bytes called from start_kernel+0x99/0x4fd with crng_init=0
[    0.000000] setup_percpu: NR_CPUS:8192 nr_cpumask_bits:1 nr_cpu_ids:1 nr_node_ids:1
[    0.000000] percpu: Embedded 45 pages/cpu s147456 r8192 d28672 u2097152
[    0.000000] PV qspinlock hash table entries: 256 (order: 0, 4096 bytes)
[    0.000000] Built 1 zonelists, mobility grouping on.  Total pages: 64377
[    0.000000] Policy zone: DMA32
[    0.000000] Kernel command line: BOOT_IMAGE=/boot/vmlinuz-4.15.0-88-generic root=LABEL=cloudimg-rootfs ro console=tty1 console=ttyS0
[    0.000000] Memory: 209108K/261688K available (12300K kernel code, 2481K rwdata, 4264K rodata, 2428K init, 2712K bss, 52580K reserved, 0K cma-reserved)
[    0.000000] SLUB: HWalign=64, Order=0-3, MinObjects=0, CPUs=1, Nodes=1
[    0.000000] Kernel/User page tables isolation: enabled
[    0.000000] ftrace: allocating 39344 entries in 154 pages
[    0.004000] Hierarchical RCU implementation.
[    0.004000] 	RCU restricting CPUs from NR_CPUS=8192 to nr_cpu_ids=1.
[    0.004000] 	Tasks RCU enabled.
[    0.004000] RCU: Adjusting geometry for rcu_fanout_leaf=16, nr_cpu_ids=1
[    0.004000] NR_IRQS: 524544, nr_irqs: 256, preallocated irqs: 16
[    0.004000] Console: colour VGA+ 80x25
[    0.004000] console [tty1] enabled
[    0.004000] console [ttyS0] enabled
[    0.004000] ACPI: Core revision 20170831
[    0.004000] ACPI: 2 ACPI AML tables successfully acquired and loaded
[    0.004000] APIC: Switch to symmetric I/O mode setup
[    0.004000] x2apic enabled
[    0.004000] Switched APIC routing to physical x2apic.
[    0.004000] ..TIMER: vector=0x30 apic1=0 pin1=2 apic2=-1 pin2=-1
[    0.004000] tsc: Detected 2904.000 MHz processor
[    0.004000] Calibrating delay loop (skipped) preset value.. 5808.00 BogoMIPS (lpj=11616000)
[    0.004004] pid_max: default: 32768 minimum: 301
[    0.004576] Security Framework initialized
[    0.005073] Yama: becoming mindful.
[    0.005530] AppArmor: AppArmor initialized
[    0.006097] Dentry cache hash table entries: 32768 (order: 6, 262144 bytes)
[    0.006943] Inode-cache hash table entries: 16384 (order: 5, 131072 bytes)
[    0.008008] Mount-cache hash table entries: 512 (order: 0, 4096 bytes)
[    0.008745] Mountpoint-cache hash table entries: 512 (order: 0, 4096 bytes)
[    0.009803] process: using mwait in idle threads
[    0.010363] Last level iTLB entries: 4KB 64, 2MB 8, 4MB 8
[    0.010983] Last level dTLB entries: 4KB 64, 2MB 0, 4MB 0, 1GB 4
[    0.012002] Spectre V1 : Mitigation: usercopy/swapgs barriers and __user pointer sanitization
[    0.012972] Spectre V2 : Mitigation: Full generic retpoline
[    0.013623] Spectre V2 : Spectre v2 / SpectreRSB mitigation: Filling RSB on context switch
[    0.014581] Speculative Store Bypass: Vulnerable
[    0.015163] MDS: Mitigation: Clear CPU buffers
[    0.027954] Freeing SMP alternatives memory: 36K
[    0.138178] smpboot: CPU0: Intel(R) Core(TM) i7-7500U CPU @ 2.70GHz (family: 0x6, model: 0x8e, stepping: 0x9)
[    0.139875] Performance Events: unsupported p6 CPU model 142 no PMU driver, software events only.
[    0.140000] Hierarchical SRCU implementation.
[    0.140169] NMI watchdog: Perf event create on CPU 0 failed with -2
[    0.141121] NMI watchdog: Perf NMI watchdog permanently disabled
[    0.142063] smp: Bringing up secondary CPUs ...
[    0.142869] smp: Brought up 1 node, 1 CPU
[    0.144003] smpboot: Max logical packages: 1
[    0.144715] smpboot: Total of 1 processors activated (5808.00 BogoMIPS)
[    0.145879] devtmpfs: initialized
[    0.146476] x86/mm: Memory block size: 128MB
[    0.147227] evm: security.selinux
[    0.148006] evm: security.SMACK64
[    0.148533] evm: security.SMACK64EXEC
[    0.149106] evm: security.SMACK64TRANSMUTE
[    0.149747] evm: security.SMACK64MMAP
[    0.150358] evm: security.apparmor
[    0.150918] evm: security.ima
[    0.151402] evm: security.capability
[    0.152117] clocksource: jiffies: mask: 0xffffffff max_cycles: 0xffffffff, max_idle_ns: 7645041785100000 ns
[    0.153568] futex hash table entries: 256 (order: 2, 16384 bytes)
[    0.154509] pinctrl core: initialized pinctrl subsystem
[    0.155390] RTC time: 20:34:00, date: 02/20/20
[    0.156118] NET: Registered protocol family 16
[    0.156902] audit: initializing netlink subsys (disabled)
[    0.157843] cpuidle: using governor ladder
[    0.158520] cpuidle: using governor menu
[    0.159222] ACPI: bus type PCI registered
[    0.160007] acpiphp: ACPI Hot Plug PCI Controller Driver version: 0.5
[    0.161035] audit: type=2000 audit(1582230844.631:1): state=initialized audit_enabled=0 res=1
[    0.162451] PCI: Using configuration type 1 for base access
[    0.164498] HugeTLB registered 2.00 MiB page size, pre-allocated 0 pages
[    0.165557] ACPI: Added _OSI(Module Device)
[    0.166170] ACPI: Added _OSI(Processor Device)
[    0.166807] ACPI: Added _OSI(3.0 _SCP Extensions)
[    0.167526] ACPI: Added _OSI(Processor Aggregator Device)
[    0.168008] ACPI: Added _OSI(Linux-Dell-Video)
[    0.168648] ACPI: Added _OSI(Linux-Lenovo-NV-HDMI-Audio)
[    0.169393] ACPI: Added _OSI(Linux-HPI-Hybrid-Graphics)
[    0.170339] ACPI: Executed 1 blocks of module-level executable AML code
[    0.174370] ACPI: Interpreter enabled
[    0.175268] ACPI: (supports S0 S5)
[    0.176021] ACPI: Using IOAPIC for interrupt routing
[    0.176847] PCI: Using host bridge windows from ACPI; if necessary, use "pci=nocrs" and report a bug
[    0.180132] ACPI: Enabled 2 GPEs in block 00 to 07
[    0.185938] ACPI: PCI Root Bridge [PCI0] (domain 0000 [bus 00-ff])
[    0.186653] acpi PNP0A03:00: _OSC: OS supports [ASPM ClockPM Segments MSI]
[    0.187845] acpi PNP0A03:00: _OSC: not requesting OS control; OS requires [ExtendedConfig ASPM ClockPM MSI]
[    0.188011] acpi PNP0A03:00: fail to add MMCONFIG information, can't access extended PCI configuration space under this bridge.
[    0.189589] PCI host bridge to bus 0000:00
[    0.190090] pci_bus 0000:00: root bus resource [io  0x0000-0x0cf7 window]
[    0.190897] pci_bus 0000:00: root bus resource [io  0x0d00-0xffff window]
[    0.192002] pci_bus 0000:00: root bus resource [mem 0x000a0000-0x000bffff window]
[    0.192882] pci_bus 0000:00: root bus resource [mem 0x10000000-0xfdffffff window]
[    0.193763] pci_bus 0000:00: root bus resource [bus 00-ff]
[    0.196349] pci 0000:00:01.1: legacy IDE quirk: reg 0x10: [io  0x01f0-0x01f7]
[    0.197159] pci 0000:00:01.1: legacy IDE quirk: reg 0x14: [io  0x03f6]
[    0.197904] pci 0000:00:01.1: legacy IDE quirk: reg 0x18: [io  0x0170-0x0177]
[    0.198713] pci 0000:00:01.1: legacy IDE quirk: reg 0x1c: [io  0x0376]
[    0.205853] pci 0000:00:07.0: quirk: [io  0x4000-0x403f] claimed by PIIX4 ACPI
[    0.206761] pci 0000:00:07.0: quirk: [io  0x4100-0x410f] claimed by PIIX4 SMB
[    0.211535] ACPI: PCI Interrupt Link [LNKA] (IRQs 5 9 10 *11)
[    0.212241] ACPI: PCI Interrupt Link [LNKB] (IRQs 5 9 *10 11)
[    0.212986] ACPI: PCI Interrupt Link [LNKC] (IRQs 5 *9 10 11)
[    0.213733] ACPI: PCI Interrupt Link [LNKD] (IRQs 5 9 10 *11)
[    0.214706] SCSI subsystem initialized
[    0.215290] pci 0000:00:02.0: vgaarb: setting as boot VGA device
[    0.216000] pci 0000:00:02.0: vgaarb: VGA device added: decodes=io+mem,owns=io+mem,locks=none
[    0.216004] pci 0000:00:02.0: vgaarb: bridge control possible
[    0.220001] vgaarb: loaded
[    0.220378] ACPI: bus type USB registered
[    0.220881] usbcore: registered new interface driver usbfs
[    0.221538] usbcore: registered new interface driver hub
[    0.222224] usbcore: registered new device driver usb
[    0.222977] EDAC MC: Ver: 3.0.0
[    0.224191] PCI: Using ACPI for IRQ routing
[    0.224909] NetLabel: Initializing
[    0.225340] NetLabel:  domain hash size = 128
[    0.225864] NetLabel:  protocols = UNLABELED CIPSOv4 CALIPSO
[    0.226538] NetLabel:  unlabeled traffic allowed by default
[    0.227313] clocksource: Switched to clocksource kvm-clock
[    0.232904] VFS: Disk quotas dquot_6.6.0
[    0.233489] VFS: Dquot-cache hash table entries: 512 (order 0, 4096 bytes)
[    0.234349] AppArmor: AppArmor Filesystem Enabled
[    0.234935] pnp: PnP ACPI init
[    0.236149] pnp: PnP ACPI: found 3 devices
[    0.242344] clocksource: acpi_pm: mask: 0xffffff max_cycles: 0xffffff, max_idle_ns: 2085701024 ns
[    0.243416] NET: Registered protocol family 2
[    0.244040] TCP established hash table entries: 2048 (order: 2, 16384 bytes)
[    0.246105] TCP bind hash table entries: 2048 (order: 3, 32768 bytes)
[    0.248036] TCP: Hash tables configured (established 2048 bind 2048)
[    0.249021] UDP hash table entries: 256 (order: 1, 8192 bytes)
[    0.249739] UDP-Lite hash table entries: 256 (order: 1, 8192 bytes)
[    0.250524] NET: Registered protocol family 1
[    0.251092] pci 0000:00:00.0: Limiting direct PCI/PCI transfers
[    0.251836] pci 0000:00:01.0: Activating ISA DMA hang workarounds
[    0.252663] pci 0000:00:02.0: Video device with shadowed ROM at [mem 0x000c0000-0x000dffff]
[    0.253708] Unpacking initramfs...
[    0.490632] Freeing initrd memory: 19200K
[    0.491711] clocksource: tsc: mask: 0xffffffffffffffff max_cycles: 0x29dc05e54fc, max_idle_ns: 440795291716 ns
[    0.493029] platform rtc_cmos: registered platform RTC device (no PNP device found)
[    0.494079] Scanning for low memory corruption every 60 seconds
[    0.495163] Initialise system trusted keyrings
[    0.495832] Key type blacklist registered
[    0.496382] workingset: timestamp_bits=36 max_order=16 bucket_order=0
[    0.497865] zbud: loaded
[    0.498565] squashfs: version 4.0 (2009/01/31) Phillip Lougher
[    0.499322] fuse init (API version 7.26)
[    0.500362] Key type asymmetric registered
[    0.500881] Asymmetric key parser 'x509' registered
[    0.501473] Block layer SCSI generic (bsg) driver version 0.4 loaded (major 246)
[    0.502371] io scheduler noop registered
[    0.502885] io scheduler deadline registered
[    0.503420] io scheduler cfq registered (default)
[    0.504215] ACPI: AC Adapter [AC] (on-line)
[    0.504785] input: Power Button as /devices/LNXSYSTM:00/LNXPWRBN:00/input/input0
[    0.505668] ACPI: Power Button [PWRF]
[    0.506160] input: Sleep Button as /devices/LNXSYSTM:00/LNXSLPBN:00/input/input1
[    0.507026] ACPI: Sleep Button [SLPF]
[    0.508180] ACPI: Battery Slot [BAT0] (battery present)
[    0.508891] Serial: 8250/16550 driver, 32 ports, IRQ sharing enabled
[    0.530145] 00:02: ttyS0 at I/O 0x3f8 (irq = 4, base_baud = 115200) is a 16550A
    0.532562] Linux agpgart interface v0.103
[    0.534386] loop: module loaded
[    0.535171] scsi host0: ata_piix
[    0.535629] scsi host1: ata_piix
[    0.536098] ata1: PATA max UDMA/33 cmd 0x1f0 ctl 0x3f6 bmdma 0xd000 irq 14
[    0.537001] ata2: PATA max UDMA/33 cmd 0x170 ctl 0x376 bmdma 0xd008 irq 15
[    0.538149] libphy: Fixed MDIO Bus: probed
[    0.538648] tun: Universal TUN/TAP device driver, 1.6
[    0.539272] PPP generic driver version 2.4.2
[    0.539818] ehci_hcd: USB 2.0 'Enhanced' Host Controller (EHCI) Driver
[    0.540587] ehci-pci: EHCI PCI platform driver
[    0.541134] ehci-platform: EHCI generic platform driver
[    0.541752] ohci_hcd: USB 1.1 'Open' Host Controller (OHCI) Driver
[    0.542472] ohci-pci: OHCI PCI platform driver
[    0.543013] ohci-platform: OHCI generic platform driver
[    0.543633] uhci_hcd: USB Universal Host Controller Interface driver
[    0.544417] i8042: PNP: PS/2 Controller [PNP0303:PS2K,PNP0f03:PS2M] at 0x60,0x64 irq 1,12
[    0.545764] serio: i8042 KBD port at 0x60,0x64 irq 1
[    0.546375] serio: i8042 AUX port at 0x60,0x64 irq 12
[    0.547019] mousedev: PS/2 mouse device common for all mice
[    0.547848] input: AT Translated Set 2 keyboard as /devices/platform/i8042/serio0/input/input2
[    0.549205] rtc_cmos rtc_cmos: rtc core: registered rtc_cmos as rtc0
[    0.549970] rtc_cmos rtc_cmos: alarms up to one day, 114 bytes nvram
[    0.550707] i2c /dev entries driver
[    0.551182] device-mapper: uevent: version 1.0.3
[    0.551773] device-mapper: ioctl: 4.37.0-ioctl (2017-09-20) initialised: dm-devel@redhat.com
[    0.552843] ledtrig-cpu: registered to indicate activity on CPUs
[    0.553626] intel_pmc_core:  initialized
[    0.554243] NET: Registered protocol family 10
[    0.557137] Segment Routing with IPv6
[    0.557622] NET: Registered protocol family 17
[    0.558329] Key type dns_resolver registered
[    0.558950] mce: Using 0 MCE banks
[    0.559385] RAS: Correctable Errors collector initialized.
[    0.560028] sched_clock: Marking stable (556247915, 0)->(681772284, -125524369)
[    0.561054] registered taskstats version 1
[    0.561562] Loading compiled-in X.509 certificates
[    0.563669] Loaded X.509 cert 'Build time autogenerated kernel key: f0020782f0d3a548186fb3f47aed88387a71e859'
[    0.564914] zswap: loaded using pool lzo/zbud
[    0.567493] Key type big_key registered
[    0.567980] Key type trusted registered
[    0.569553] Key type encrypted registered
[    0.570060] AppArmor: AppArmor sha1 policy hashing enabled
[    0.570700] ima: No TPM chip found, activating TPM-bypass! (rc=-19)
[    0.571421] ima: Allocated hash algorithm: sha1
[    0.571982] evm: HMAC attrs: 0x1
[    0.572675]   Magic number: 8:629:599
[    0.573130]   hash matches /build/linux-WUVVsw/linux-4.15.0/drivers/base/power/main.c:1527
[    0.574096] serial8250 serial8250: hash matches
[    0.574687] rtc_cmos rtc_cmos: setting system clock to 2020-02-20 20:34:00 UTC (1582230840)
[    0.575718] BIOS EDD facility v0.16 2004-Jun-25, 0 devices found
[    0.576437] EDD information not available.
[    0.727506] Freeing unused kernel image memory: 2428K
[    0.736063] Write protecting the kernel read-only data: 20480k
[    0.738536] Freeing unused kernel image memory: 2008K
[    0.740348] Freeing unused kernel image memory: 1880K
[    0.752140] x86/mm: Checked W+X mappings: passed, no W+X pages found.
[    0.753456] x86/mm: Checking user space page tables
[    0.761146] x86/mm: Checked W+X mappings: passed, no W+X pages found.
Loading, please wait...
starting version 237
[    0.833937] e1000: Intel(R) PRO/1000 Network Driver - version 7.3.21-k8-NAPI
[    0.834864] e1000: Copyright (c) 1999-2006 Intel Corporation.
[    0.839316] Fusion MPT base driver 3.04.20
[    0.839886] Copyright (c) 1999-2008 LSI Corporation
[    0.842820] Fusion MPT SPI Host driver 3.04.20
[    0.865844] AVX2 version of gcm_enc/dec engaged.
[    0.866575] AES CTR mode by8 optimization enabled
[    0.871655] mptbase: ioc0: Initiating bringup
[    0.972166] ioc0: LSI53C1030 A0: Capabilities={Initiator}
[    1.049436] input: ImExPS/2 Generic Explorer Mouse as /devices/platform/i8042/serio1/input/input4
[    1.213784] scsi host2: ioc0: LSI53C1030 A0, FwRev=00000000h, Ports=1, MaxQ=256, IRQ=20
[    1.381344] scsi 2:0:0:0: Direct-Access     VBOX     HARDDISK         1.0  PQ: 0 ANSI: 5
[    1.384879] scsi target2:0:0: Beginning Domain Validation
[    1.393009] scsi target2:0:0: Domain Validation skipping write tests
[    1.395567] scsi target2:0:0: Ending Domain Validation
[    1.397805] scsi target2:0:0: asynchronous
[    1.400178] random: fast init done
[    1.401501] scsi 2:0:1:0: Direct-Access     VBOX     HARDDISK         1.0  PQ: 0 ANSI: 5
[    1.404707] scsi target2:0:1: Beginning Domain Validation
[    1.408411] scsi target2:0:1: Domain Validation skipping write tests
[    1.410875] scsi target2:0:1: Ending Domain Validation
[    1.412411] scsi target2:0:1: asynchronous
[    1.418163] random: systemd-udevd: uninitialized urandom read (16 bytes read)
[    1.419783] random: systemd-udevd: uninitialized urandom read (16 bytes read)
[    1.421037] random: systemd-udevd: uninitialized urandom read (16 bytes read)
[    1.422651] sd 2:0:0:0: [sda] 20971520 512-byte logical blocks: (10.7 GB/10.0 GiB)
[    1.424021] sd 2:0:0:0: [sda] Write Protect is off
[    1.425066] sd 2:0:0:0: Attached scsi generic sg0 type 0
[    1.425972] sd 2:0:0:0: [sda] Incomplete mode parameter data
[    1.426791] sd 2:0:0:0: [sda] Assuming drive cache: write through
[    1.427943] sd 2:0:1:0: [sdb] 20480 512-byte logical blocks: (10.5 MB/10.0 MiB)
[    1.434643] sd 2:0:1:0: [sdb] Write Protect is off
[    1.435409] sd 2:0:1:0: Attached scsi generic sg1 type 0
[    1.436135] sd 2:0:1:0: [sdb] Incomplete mode parameter data
[    1.436821] sd 2:0:1:0: [sdb] Assuming drive cache: write through
[    1.441741]  sda: sda1
[    1.442543] sd 2:0:0:0: [sda] Attached SCSI disk
[    1.443703] sd 2:0:1:0: [sdb] Attached SCSI disk
[    1.770586] e1000 0000:00:03.0 eth0: (PCI:33MHz:32-bit) 02:12:4b:e9:82:8c
[    1.772386] e1000 0000:00:03.0 eth0: Intel(R) PRO/1000 Network Connection
[    2.127604] e1000 0000:00:08.0 eth1: (PCI:33MHz:32-bit) 08:00:27:63:e1:33
[    2.128476] e1000 0000:00:08.0 eth1: Intel(R) PRO/1000 Network Connection
[    2.130138] e1000 0000:00:08.0 enp0s8: renamed from eth1
[    2.132237] e1000 0000:00:03.0 enp0s3: renamed from eth0
Begin: Loading essential drivers ... [    3.535312] raid6: sse2x1   gen() 12904 MB/s
[    3.597912] raid6: sse2x1   xor()  9223 MB/s
[    3.660552] raid6: sse2x2   gen() 15557 MB/s
[    3.723188] raid6: sse2x2   xor() 10526 MB/s
[    3.789821] raid6: sse2x4   gen() 19461 MB/s
[    3.852498] raid6: sse2x4   xor() 11076 MB/s
[    3.915066] raid6: avx2x1   gen() 29925 MB/s
[    3.977664] raid6: avx2x1   xor() 18160 MB/s
[    4.040282] raid6: avx2x2   gen() 30251 MB/s
[    4.102901] raid6: avx2x2   xor() 19634 MB/s
[    4.165500] raid6: avx2x4   gen() 36088 MB/s
[    4.228120] raid6: avx2x4   xor() 22021 MB/s
[    4.228724] raid6: using algorithm avx2x4 gen() 36088 MB/s
[    4.229360] raid6: .... xor() 22021 MB/s, rmw enabled
[    4.229951] raid6: using avx2x2 recovery algorithm
[    4.232009] xor: automatically using best checksumming function   avx       
[    4.234224] async_tx: api initialized (async)
done.
Begin: Running /scripts/init-premount ... done.
Begin: Mounting root file system ... Begin: Running /scripts/local-top ... done.
Begin: Running /scripts/local-premount ... [    4.278465] Btrfs loaded, crc32c=crc32c-intel
Scanning for Btrfs filesystems
done.
Warning: fsck not present, so skipping root file system
[    4.318759] EXT4-fs (sda1): mounted filesystem with ordered data mode. Opts: (null)
done.
Begin: Running /scripts/local-bottom ... done.
Begin: Running /scripts/init-bottom ... done.
[    4.495877] ip_tables: (C) 2000-2006 Netfilter Core Team
[    4.503373] systemd[1]: systemd 237 running in system mode. (+PAM +AUDIT +SELINUX +IMA +APPARMOR +SMACK +SYSVINIT +UTMP +LIBCRYPTSETUP +GCRYPT +GNUTLS +ACL +XZ +LZ4 +SECCOMP +BLKID +ELFUTILS +KMOD -IDN2 +IDN -PCRE2 default-hierarchy=hybrid)
[    4.506287] systemd[1]: Detected virtualization oracle.
[    4.506912] systemd[1]: Detected architecture x86-64.

Welcome to [1mUbuntu 18.04.4 LTS[0m!

[    4.510050] systemd[1]: Set hostname to <ubuntu>.
[    4.514218] systemd[1]: Initializing machine ID from random generator.
[    4.515346] systemd[1]: Installed transient /etc/machine-id file.
[    4.711870] systemd[1]: Set up automount Arbitrary Executable File Formats File System Automount Point.
[[0;32m  OK  [0m] Set up automount Arbitrary Executabâ€¦rmats File System Automount Point.
[    4.714524] systemd[1]: Reached target System Time Synchronized.
[[0;32m  OK  [0m] Reached target System Time Synchronized.
[    4.716032] systemd[1]: Reached target User and Group Name Lookups.
[[0;32m  OK  [0m] Reached target User and Group Name Lookups.
[    4.717511] systemd[1]: Reached target Swap.
[[0;32m  OK  [0m] Reached target Swap.
[[0;32m  OK  [0m] Created slice System Slice.
[[0;32m  OK  [0m] Listening on udev Kernel Socket.
[[0;32m  OK  [0m] Created slice system-serial\x2dgetty.slice.
[[0;32m  OK  [0m] Listening on LVM2 poll daemon socket.
[[0;32m  OK  [0m] Listening on Journal Socket.
         Starting Remount Root and Kernel File Systems...
[    4.734566] EXT4-fs (sda1): re-mounted. Opts: (null)
         Starting Uncomplicated firewall...
[[0;32m  OK  [0m] Listening on LVM2 metadata daemon socket.
[[0;32m  OK  [0m] Listening on Journal Audit Socket.
         Starting Load Kernel Modules...
[[0;32m  OK  [0m] Listening on /dev/initctl Compatibility Named Pipe.
         Mounting Huge Pages File System...
[[0;32m  OK  [0m] Listening on Device-mapper event daemon FIFOs.
         Starting Monitoring of LVM2 mirrorsâ€¦ng dmeventd or progress polling...
         Mounting Kernel Debug File System...
[[0;32m  OK  [0m] Listening on Journal Socket (/dev/log).
[[0;32m  OK  [0m] Listening on Network Service Netlink Socket.
         Starting Set the console keyboard layout...
[[0;32m  OK  [0m] Listening on udev Control Socket.
[    4.760786] Loading iSCSI transport class v2.0-870.
         Starting udev Coldplug all Devices...
         Starting Create list of required stâ€¦ce nodes for the current kernel...
[[0;32m  OK  [0m] Listening on Syslog Socket.
[    4.770938] iscsi: registered transport (tcp)
         Starting Journal Service...
[[0;32m  OK  [0m] Started Forward Password Requests to Wall Directory Watch.
[[0;32m  OK  [0m] Created slice User and Session Slice.
[[0;32m  OK  [0m] Reached target Slices.
         Mounting POSIX Message Queue File System...
[[0;32m  OK  [0m] Started Remount Root and Kernel File Systems.
[[0;32m  OK  [0m] Started Uncomplicated firewall.
[[0;32m  OK  [0m] Mounted Huge Pages File System.
[[0;32m  OK  [0m] Mounted Kernel Debug File System.
         Starting Load/Save Random Seed...
[[0;32m  OK  [0m] Started Create list of required staâ€¦vice nodes for the current kernel.
[[0;32m  OK  [0m] Mounted POSIX Message Queue File System.
         Starting Create Static Device Nodes in /dev...
[[0;32m  OK  [0m] Started LVM2 metadata daemon.
[[0;32m  OK  [0m] Started Load/Save Random Seed.
[[0;32m  OK  [0m] Started Journal Service.
         Starting Flush Journal to Persistent Storage...
[    4.890470] iscsi: registered transport (iser)
[[0;32m  OK  [0m] Started Load Kernel Modules.
         Mounting FUSE Control File System...
         Starting Apply Kernel Variables...
         Mounting Kernel Configuration File System...
[[0;32m  OK  [0m] Mounted FUSE Control File System.
[[0;32m  OK  [0m] Mounted Kernel Configuration File System.
[[0;32m  OK  [0m] Started Create Static Device Nodes in /dev.
         Starting udev Kernel Device Manager...
[[0;32m  OK  [0m] Started udev Coldplug all Devices.
[    4.958878] systemd-journald[392]: Received request to flush runtime journal from PID 1
[[0;32m  OK  [0m] Started Monitoring of LVM2 mirrors,â€¦sing dmeventd or progress polling.
[[0;32m  OK  [0m] Started udev Kernel Device Manager.
[[0;32m  OK  [0m] Started Apply Kernel Variables.
[[0;32m  OK  [0m] Started Flush Journal to Persistent Storage.
[[0;32m  OK  [0m] Found device /dev/ttyS0.
[[0;32m  OK  [0m] Listening on Load/Save RF Kill Switch Status /dev/rfkill Watch.
[[0;32m  OK  [0m] Started Set the console keyboard layout.
[[0;32m  OK  [0m] Started Dispatch Password Requests to Console Directory Watch.
[[0;32m  OK  [0m] Reached target Local Encrypted Volumes.
[[0;32m  OK  [0m] Reached target Local File Systems (Pre).
[[0;32m  OK  [0m] Reached target Local File Systems.
         Starting Set console font and keymap...
         Starting Tell Plymouth To Write Out Runtime Data...
         Starting AppArmor initialization...
         Starting Create Volatile Files and Directories...
         Starting ebtables ruleset management...
         Starting Commit a transient machine-id on disk...
[[0;32m  OK  [0m] Started Set console font and keymap.
[[0;32m  OK  [0m] Started Tell Plymouth To Write Out Runtime Data.
[[0;32m  OK  [0m] Started Commit a transient machine-id on disk.
[[0;32m  OK  [0m] Started Create Volatile Files and Directories.
         Starting Update UTMP about System Boot/Shutdown...
[[0;32m  OK  [0m] Started Update UTMP about System Boot/Shutdown.
[[0;32m  OK  [0m] Started ebtables ruleset management.
[[0;32m  OK  [0m] Started AppArmor initialization.
         Starting Initial cloud-init job (pre-networking)...
[    8.160753] cloud-init[652]: Cloud-init v. 19.4-33-gbb4131a2-0ubuntu1~18.04.1 running 'init-local' at Thu, 20 Feb 2020 20:34:07 +0000. Up 7.87 seconds.
[[0;32m  OK  [0m] Started Initial cloud-init job (pre-networking).
[[0;32m  OK  [0m] Reached target Network (Pre).
         Starting Network Service...
[[0;32m  OK  [0m] Started Network Service.
         Starting Wait for Network to be Configured...
         Starting Network Name Resolution...
[[0;32m  OK  [0m] Started Network Name Resolution.
[[0;32m  OK  [0m] Reached target Network.
[[0;32m  OK  [0m] Reached target Host and Network Name Lookups.
[[0;32m  OK  [0m] Started Wait for Network to be Configured.
         Starting Initial cloud-init job (metadata service crawler)...
[   10.173513] cloud-init[763]: Cloud-init v. 19.4-33-gbb4131a2-0ubuntu1~18.04.1 running 'init' at Thu, 20 Feb 2020 20:34:09 +0000. Up 9.97 seconds.
[   10.175927] cloud-init[763]: ci-info: ++++++++++++++++++++++++++++++++++++++Net device info+++++++++++++++++++++++++++++++++++++++
[   10.177230] cloud-init[763]: ci-info: +--------+-------+----------------------------+---------------+--------+-------------------+
[   10.180802] cloud-init[763]: ci-info: | Device |   Up  |          Address           |      Mask     | Scope  |     Hw-Address    |
[   10.184079] cloud-init[763]: ci-info: +--------+-------+----------------------------+---------------+--------+-------------------+
[   10.187101] cloud-init[763]: ci-info: | enp0s3 |  True |         10.0.2.15          | 255.255.255.0 | global | 02:12:4b:e9:82:8c |
[   10.188548] cloud-init[763]: ci-info: | enp0s3 |  True | fe80::12:4bff:fee9:828c/64 |       .       |  link  | 02:12:4b:e9:82:8c |
[   10.190621] cloud-init[763]: ci-info: | enp0s8 | False |             .              |       .       |   .    | 08:00:27:63:e1:33 |
[   10.194722] cloud-init[763]: ci-info: |   lo   |  True |         127.0.0.1          |   255.0.0.0   |  host  |         .         |
[   10.197004] cloud-init[763]: ci-info: |   lo   |  True |          ::1/128           |       .       |  host  |         .         |
[   10.200322] cloud-init[763]: ci-info: +--------+-------+----------------------------+---------------+--------+-------------------+
[   10.202942] cloud-init[763]: ci-info: ++++++++++++++++++++++++++++Route IPv4 info+++++++++++++++++++++++++++++
[   10.204272] cloud-init[763]: ci-info: +-------+-------------+----------+-----------------+-----------+-------+
[   10.208180] cloud-init[763]: ci-info: | Route | Destination | Gateway  |     Genmask     | Interface | Flags |
[   10.209793] cloud-init[763]: ci-info: +-------+-------------+----------+-----------------+-----------+-------+
[   10.210588] cloud-init[763]: ci-info: |   0   |   0.0.0.0   | 10.0.2.2 |     0.0.0.0     |   enp0s3  |   UG  |
[   10.212178] cloud-init[763]: ci-info: |   1   |   10.0.2.0  | 0.0.0.0  |  255.255.255.0  |   enp0s3  |   U   |
[   10.213471] cloud-init[763]: ci-info: |   2   |   10.0.2.2  | 0.0.0.0  | 255.255.255.255 |   enp0s3  |   UH  |
[   10.215270] cloud-init[763]: ci-info: +-------+-------------+----------+-----------------+-----------+-------+
[   10.217085] cloud-init[763]: ci-info: +++++++++++++++++++Route IPv6 info+++++++++++++++++++
[   10.219452] cloud-init[763]: ci-info: +-------+-------------+---------+-----------+-------+
[   10.221544] cloud-init[763]: ci-info: | Route | Destination | Gateway | Interface | Flags |
[   10.236632] cloud-init[763]: ci-info: +-------+-------------+---------+-----------+-------+
[   10.237722] cloud-init[763]: ci-info: |   1   |  fe80::/64  |    ::   |   enp0s3  |   U   |
[   10.253071] cloud-init[763]: ci-info: |   3   |    local    |    ::   |   enp0s3  |   U   |
[   10.253952] cloud-init[763]: ci-info: |   4   |   ff00::/8  |    ::   |   enp0s3  |   U   |
[   10.254798] cloud-init[763]: ci-info: +-------+-------------+---------+-----------+-------+
[   10.792077] cloud-init[763]: Generating public/private rsa key pair.
[   10.792917] cloud-init[763]: Your identification has been saved in /etc/ssh/ssh_host_rsa_key.
[   10.793743] cloud-init[763]: Your public key has been saved in /etc/ssh/ssh_host_rsa_key.pub.
[   10.794549] cloud-init[763]: The key fingerprint is:
[   10.795057] cloud-init[763]: SHA256:6MeS581YuPWktA3MIbUo5OV7PE90yyco1sWz4rq3NYU root@ubuntu-bionic
[   10.800621] cloud-init[763]: The key's randomart image is:
[   10.801260] cloud-init[763]: +---[RSA 2048]----+
[   10.801795] cloud-init[763]: |                 |
[   10.802315] cloud-init[763]: |                 |
[   10.802905] cloud-init[763]: |      . . .      |
[   10.803430] cloud-init[763]: |     o + o . . . |
[   10.803954] cloud-init[763]: |      + S o . E .|
[   10.823869] cloud-init[763]: |     . + B + = = |
[   10.824688] cloud-init[763]: |      + * & * B .|
[   10.825242] cloud-init[763]: |       = @ &.o + |
[   10.825786] cloud-init[763]: |        + B+*.   |
[   10.826308] cloud-init[763]: +----[SHA256]-----+
[   10.826830] cloud-init[763]: Generating public/private dsa key pair.
[   10.827481] cloud-init[763]: Your identification has been saved in /etc/ssh/ssh_host_dsa_key.
[   10.828305] cloud-init[763]: Your public key has been saved in /etc/ssh/ssh_host_dsa_key.pub.
[   10.829114] cloud-init[763]: The key fingerprint is:
[   10.829657] cloud-init[763]: SHA256:9aEzB7iTNwIOsm3MLgbUpPsHk5aTz6oIJmjvmEUvKnc root@ubuntu-bionic
[   10.830643] cloud-init[763]: The key's randomart image is:
[   10.831229] cloud-init[763]: +---[DSA 1024]----+
[   10.831753] cloud-init[763]: |   .             |
[   10.832295] cloud-init[763]: |  +      .       |
[   10.832882] cloud-init[763]: | o... . . o .    |
[   10.833403] cloud-init[763]: |. .*+o . + + .   |
[   10.833922] cloud-init[763]: |...X= . S * o    |
[   10.834418] cloud-init[763]: |..+oB    + =     |
[   10.835096] cloud-init[763]: |+oo+.=           |
[   10.835743] cloud-init[763]: |B.B.E            |
[   10.836307] cloud-init[763]: |o*o=             |
[   10.836855] cloud-init[763]: +----[SHA256]-----+
[   10.837356] cloud-init[763]: Generating public/private ecdsa key pair.
[   10.854426] cloud-init[763]: Your identification has been saved in /etc/ssh/ssh_host_ecdsa_key.
[   10.855833] cloud-init[763]: Your public key has been saved in /etc/ssh/ssh_host_ecdsa_key.pub.
[   10.856960] cloud-init[763]: The key fingerprint is:
[   10.857497] cloud-init[763]: SHA256:iWH+eR9296ONE6jV2p+cnbskWLg3fKj5pYlZQ2BA4f0 root@ubuntu-bionic
[   10.858304] cloud-init[763]: The key's randomart image is:
[   10.859028] cloud-init[763]: +---[ECDSA 256]---+
[   10.859667] cloud-init[763]: |        .+.      |
[   10.860321] cloud-init[763]: |        . o      |
[[0;32m  OK  [0m] Started Initial cloud-init job (metadata service crawler).
[[0;32m  OK  [0m] Reached target Cloud-config availability.
[[0;32m  OK  [0m] Reached target System Initialization.
[   10.864597] cloud-init[763]: |      o  . +     |
         Starting Socket activation for snappy daemon.
[   10.865727] cloud-init[763]: |     o o .. +    |
[[0;32m  OK  [0m] Listening on UUID daemon activation socket.
[   10.867090] cloud-init[763]: |      o S  .oE   |
[[0;32m  OK  [0m] Started Daily apt download activities.[   10.868506] cloud-init[763]: |       . . o*o.  |
[   10.869076] cloud-init[763]: |        o +o=Oo+.|
[   10.869582] cloud-init[763]: |         o +B=&o*|
[   10.870089] cloud-init[763]: |           =o*+X*|
[   10.870628] cloud-init[763]: +----[SHA256]-----+
[   10.871202] cloud-init[763]: Generating public/private ed25519 key pair.
[   10.871867] cloud-init
         Starting LXD - unix socket.
[[0;32m  OK  [0m] Listening on Open-iSCSI iscsid Socket.
[[0;32m  OK  [0m] Listening on D-Bus System Message Bus Socket.
[[0;32m  OK  [0m] Started Daily Cleanup of Temporary Directories.
[[0;32m  OK  [0m] Started Daily apt upgrade and clean activities.
[[0;32m  OK  [0m] Started Discard unused blocks once a week.
[[0;32m  OK  [0m] Started Message of the Day.
[[0;32m  OK  [0m] Reached target Timers.
[[0;32m  OK  [0m] Listening on ACPID Listen Socket.
[763]: Your identification has been saved in /etc/ssh/ssh_host_ed25519_key.[[0;32m  OK  [0m] Started ACPI Events Check.
[[0;32m  OK  [0m] Reached target Paths.
[[0;32m  OK  [0m] Reached target Network is Online.
         Starting Availability of block devices...
[[0;32m  OK  [0m] Reached target Remote File Systems (Pre).
[[0;32m  OK  [0m] Reached target Remote File Systems.
[[0;32m  OK  [0m] Listening on Socket activation for snappy daemon.
[[0;32m  OK  [0m] Listening on LXD - unix socket.
[[0;32m  OK  [0m] Reached target Sockets.
[[0;32m  OK  [0m] 
[   10.892212] cloud-init[763]: Your public key has been saved in /etc/ssh/ssh_host_ed25519_key.pub.
[   10.892962] cloud-init[763]: The key fingerprint is:
[   10.893429] cloud-init[763]: SHA256:UOKwOBgdOWaa7CkNrNfSJCtkpfCbak752pQE0O2c1kU root@ubuntu-bionic
[   10.894478] cloud-init[763]: The key's randomart image is:
[   10.895185] cloud-init[763]: +--[ED25519 256]--+
[   10.895814] cloud-initReached target Basic System.
[[0;32m  OK  [0m] Started Deferred execution scheduler.
[[0;32m  OK  [0m] Started D-Bus System Message Bus.
[763]: |oo.+. ..E        |
[   10.908426] cloud-init[763]: |ooBo.+ o.        |
[   10.911151] cloud-init[763]: |=B=+.oo.         |
[   10.912353] cloud-init[763]: |+*+.* ..         |
[   10.913024] cloud-init[763]: |=o.@    S        |
[   10.915405] cloud-init[763]: |+oX +            |
[   10.916624] cloud-init[763]: |.* +             |
[   10.917683] cloud-init[763]: |o.+              |
[   10.919143] cloud-init[763]: |oo.o             |
[   10.923548] cloud-init[763]: +----[SHA256]-----+
[[0;32m  OK  [0m] Started Regular background program processing daemon.
         Starting LXD - container startup/shutdown...
         Starting Permit User Sessions...
         Starting Accounts Service...
[[0;32m  OK  [0m] Started FUSE filesystem for LXC.
         Starting System Logging Service...
         Starting LSB: automatic crash report generation...
         Starting Pollinate to seed the pseudo random number generator...
         Starting Virtualbox guest utils...
[[0;32m  OK  [0m] Started irqbalance daemon.
         Starting Dispatcher daemon for systemd-networkd...
         Starting Login Service...
         Starting LSB: Record successful boot for GRUB...
         Starting Snappy daemon...
[[0;32m  OK  [0m] Started System Logging Service.
[[0;32m  OK  [0m] Started Availability of block devices.
[[0;32m  OK  [0m] Started LXD - container startup/shutdown.
[[0;32m  OK  [0m] Started Permit User Sessions.
         Starting Hold until boot process finishes up...
         Starting Terminate Plymouth Boot Screen...
[[0;32m  OK  [0m] Started Hold until boot process finishes up.
[[0;32m  OK  [0m] Started Terminate Plymouth Boot Screen.
[[0;32m  OK  [0m] Started Login Service.
[[0;32m  OK  [0m] Started Unattended Upgrades Shutdown.
         Starting Authorization Manager...
[[0;32m  OK  [0m] Started Serial Getty on ttyS0.
         Starting Set console scheme...
[[0;32m  OK  [0m] Started Authorization Manager.
[[0;32m  OK  [0m] Started Accounts Service.
[[0;32m  OK  [0m] Started Set console scheme.
[[0;32m  OK  [0m] Created slice system-getty.slice.
[[0;32m  OK  [0m] Started Getty on tty1.
[[0;32m  OK  [0m] Reached target Login Prompts.
[[0;32m  OK  [0m] Started LSB: automatic crash report generation.
[[0;32m  OK  [0m] Started LSB: Record successful boot for GRUB.
[[0;32m  OK  [0m] Started Virtualbox guest utils.
[[0;32m  OK  [0m] Started Dispatcher daemon for systemd-networkd.
[[0;32m  OK  [0m] Started Snappy daemon.
         Starting Wait until snapd is fully seeded...
[[0;32m  OK  [0m] Started Pollinate to seed the pseudo random number generator.
         Starting OpenBSD Secure Shell server...
[[0;32m  OK  [0m] Started OpenBSD Secure Shell server.
[[0;32m  OK  [0m] Created slice User Slice of vagrant.
         Starting User Manager for UID 1000...
[[0;32m  OK  [0m] Started Session 1 of user vagrant.
[[0;32m  OK  [0m] Started User Manager for UID 1000.
[[0;32m  OK  [0m] Started Wait until snapd is fully seeded.
         Starting Apply the settings specified in cloud-config...
[[0;32m  OK  [0m] Reached target Multi-User System.
[[0;32m  OK  [0m] Reached target Graphical Interface.
         Starting Update UTMP about System Runlevel Changes...
[[0;32m  OK  [0m] Started Update UTMP about System Runlevel Changes.
[   15.224223] cloud-init[1260]: Cloud-init v. 19.4-33-gbb4131a2-0ubuntu1~18.04.1 running 'modules:config' at Thu, 20 Feb 2020 20:34:14 +0000. Up 14.70 seconds.
[[0;32m  OK  [0m] Started Apply the settings specified in cloud-config.
         Starting Execute cloud user/final scripts...
ci-info: no authorized SSH keys fingerprints found for user ubuntu.
<14>Feb 20 20:34:15 ec2: 
<14>Feb 20 20:34:15 ec2: #############################################################
<14>Feb 20 20:34:15 ec2: -----BEGIN SSH HOST KEY FINGERPRINTS-----
<14>Feb 20 20:34:15 ec2: 1024 SHA256:9aEzB7iTNwIOsm3MLgbUpPsHk5aTz6oIJmjvmEUvKnc root@ubuntu-bionic (DSA)
<14>Feb 20 20:34:15 ec2: 256 SHA256:iWH+eR9296ONE6jV2p+cnbskWLg3fKj5pYlZQ2BA4f0 root@ubuntu-bionic (ECDSA)
<14>Feb 20 20:34:15 ec2: 256 SHA256:UOKwOBgdOWaa7CkNrNfSJCtkpfCbak752pQE0O2c1kU root@ubuntu-bionic (ED25519)
<14>Feb 20 20:34:15 ec2: 2048 SHA256:6MeS581YuPWktA3MIbUo5OV7PE90yyco1sWz4rq3NYU root@ubuntu-bionic (RSA)
<14>Feb 20 20:34:15 ec2: -----END SSH HOST KEY FINGERPRINTS-----
<14>Feb 20 20:34:15 ec2: #############################################################
-----BEGIN SSH HOST KEY KEYS-----
ecdsa-sha2-nistp256 AAAAE2VjZHNhLXNoYTItbmlzdHAyNTYAAAAIbmlzdHAyNTYAAABBBBiDUK0hW7SxPtOY6diuZAC1b7i/DcRPPhKzhw0pM2CVPbaonQvFTIHtFShuA9/UNCXdD+0kr3NyklDb321IeFk= root@ubuntu-bionic
ssh-ed25519 AAAAC3NzaC1lZDI1NTE5AAAAINxqpesr2FXlNUHUrUYXLuU53O0tE8ZIPtzORVOTQckZ root@ubuntu-bionic
ssh-rsa AAAAB3NzaC1yc2EAAAADAQABAAABAQD3cUzizlWZ26Fp2+radzApXS2SFvZRoSOcj3a06MkIaSRcIG5subuXc/hKf4LJIYxku9rHMBIWmMVgjVoUvo4KZPF6P8xV3AD/cE9xNo83Yi6iN511nnvqmdTxi/uiPAftVdeBGa10RsmpOZ+xaEiI3Tevg4+oIT3T3nBGlXTtcPYv2Vnb6K64vIbkWdQ3igNyLMkEqzhdOhov5X7EA2W9KhVMLjnnLJUvPO0Guf7P2JM5NwKke+1GOBK0ybshibnpzyowI6FnrGotWwImOJAuYclLXb4Scj7O8jue4f9RwY48zt7hcj/qdYUNxVSrY5tr8Wq8/A3fZTRrCwYVXswL root@ubuntu-bionic
-----END SSH HOST KEY KEYS-----
[   16.081244] cloud-init[1374]: Cloud-init v. 19.4-33-gbb4131a2-0ubuntu1~18.04.1 running 'modules:final' at Thu, 20 Feb 2020 20:34:15 +0000. Up 15.84 seconds.
[   16.082534] cloud-init[1374]: ci-info: no authorized SSH keys fingerprints found for user ubuntu.
[   16.083507] cloud-init[1374]: Cloud-init v. 19.4-33-gbb4131a2-0ubuntu1~18.04.1 finished at Thu, 20 Feb 2020 20:34:15 +0000. Datasource DataSourceNoCloud [seed=/dev/sdb][dsmode=net].  Up 16.07 seconds
[[0;32m  OK  [0m] Started Execute cloud user/final scripts.
[[0;32m  OK  [0m] Reached target Cloud-init target.

Ubuntu 18.04.4 LTS ubuntu-bionic ttyS0

ubuntu-bionic login: [[0;32m  OK  [0m] Stopped target Timers.
[[0;32m  OK  [0m] Stopped Daily apt upgrade and clean activities.
         Stopping Session 27 of user vagrant.
[[0;32m  OK  [0m] Stopped Message of the Day.
[[0;32m  OK  [0m] Stopped target Graphical Interface.
         Stopping Accounts Service...
[[0;32m  OK  [0m] Stopped target Cloud-init target.
[[0;32m  OK  [0m] Stopped Execute cloud user/final scripts.
[[0;32m  OK  [0m] Stopped target Multi-User System.
         Stopping Deferred execution scheduler...
         Stopping LSB: Record successful boot for GRUB...
         Stopping LXD - container startup/shutdown...
         Stopping Unattended Upgrades Shutdown...
         Stopping Dispatcher daemon for systemd-networkd...
         Stopping Regular background program processing daemon...
         Stopping vboxadd-service.service...
         Stopping LSB: automatic crash report generation...

[[0;32m  OK  [0m] Stopped Apply the settings specified in cloud-config.
[[0;32m  OK  [0m] Stopped target Network is Online.
[[0;32m  OK  [0m] Stopped target Cloud-config availability.
[[0;32m  OK  [0m] Stopped Wait until snapd is fully seeded.
         Stopping A high performance web server and a reverse proxy server...
         Stopping Authorization Manager...
         Stopping Availability of block devices...
[[0;32m  OK  [0m] Stopped Daily apt download activities.
[[0;32m  OK  [0m] Stopped Discard unused blocks once a week.
         Stopping Getty on tty1...
         Stopping User Manager for UID 1000...
[[0;32m  OK  [0m] Stopped target Host and Network Name Lookups.
         Stopping OpenBSD Secure Shell server...
[[0;32m  OK  [0m] Closed Load/Save RF Kill Switch Status /dev/rfkill Watch.
[[0;32m  OK  [0m] Stopped target System Time Synchronized.
[[0;32m  OK  [0m] Stopped Daily Cleanup of Temporary Directories.
         Stopping D-Bus System Message Bus...
[[0;32m  OK  [0m] Stopped Deferred execution scheduler.
[[0;32m  OK  [0m] Stopped Regular background program processing daemon.
[[0;32m  OK  [0m] Stopped Accounts Service.
[[0;32m  OK  [0m] Stopped Dispatcher daemon for systemd-networkd.
[[0;32m  OK  [0m] Stopped Serial Getty on ttyS0.
[[0;32m  OK  [0m] Stopped Unattended Upgrades Shutdown.
[[0;32m  OK  [0m] Stopped Authorization Manager.
[[0;32m  OK  [0m] Stopped Getty on tty1.
[[0;32m  OK  [0m] Stopped OpenBSD Secure Shell server.
[[0;32m  OK  [0m] Stopped User Manager for UID 1000.
[[0;32m  OK  [0m] Stopped D-Bus System Message Bus.
[[0;32m  OK  [0m] Stopped Session 27 of user vagrant.
[[0;32m  OK  [0m] Unmounted /var/lib/lxcfs.
[[0;32m  OK  [0m] Removed slice User Slice of vagrant.
[[0;32m  OK  [0m] Removed slice system-getty.slice.
         Stopping Login Service...
         Stopping Permit User Sessions...
[[0;32m  OK  [0m] Removed slice system-serial\x2dgetty.slice.
[[0;32m  OK  [0m] Stopped Login Service.
[[0;32m  OK  [0m] Stopped LXD - container startup/shutdown.
[[0;32m  OK  [0m] Stopped FUSE filesystem for LXC.
[[0;32m  OK  [0m] Stopped A high performance web server and a reverse proxy server.
[[0;32m  OK  [0m] Stopped Permit User Sessions.
[[0;32m  OK  [0m] Stopped target User and Group Name Lookups.
[[0;32m  OK  [0m] Stopped target Network.
         Stopping Network Name Resolution...
[[0;32m  OK  [0m] Stopped Network Name Resolution.
         Stopping Network Service...
[[0;32m  OK  [0m] Stopped System Logging Service.
[[0;32m  OK  [0m] Stopped Network Service.
[[0;32m  OK  [0m] Stopped target Network (Pre).
[[0;32m  OK  [0m] Stopped Availability of block devices.
[[0;32m  OK  [0m] Stopped LSB: Record successful boot for GRUB.
[[0;32m  OK  [0m] Stopped LSB: automatic crash report generation.
[[0;32m  OK  [0m] Stopped target Remote File Systems.
[[0;32m  OK  [0m] Stopped target Remote File Systems (Pre).
[[0;32m  OK  [0m] Stopped vboxadd-service.service.
         Stopping vboxadd.service...
[[0;32m  OK  [0m] Unmounted /vagrant.
[[0;32m  OK  [0m] Stopped vboxadd.service.
[[0;32m  OK  [0m] Stopped target Basic System.
[[0;32m  OK  [0m] Stopped target Slices.
[[0;32m  OK  [0m] Removed slice User and Session Slice.
[[0;32m  OK  [0m] Stopped target Paths.
[[0;32m  OK  [0m] Stopped ACPI Events Check.
[[0;32m  OK  [0m] Stopped target Sockets.
[[0;32m  OK  [0m] Closed D-Bus System Message Bus Socket.
[[0;32m  OK  [0m] Closed ACPID Listen Socket.
[[0;32m  OK  [0m] Closed UUID daemon activation socket.
[[0;32m  OK  [0m] Closed Open-iSCSI iscsid Socket.
[[0;32m  OK  [0m] Closed LXD - unix socket.
[[0;32m  OK  [0m] Closed Syslog Socket.
[[0;32m  OK  [0m] Closed Socket activation for snappy daemon.
[[0;32m  OK  [0m] Stopped target System Initialization.
         Stopping Load/Save Random Seed...
[[0;32m  OK  [0m] Stopped target Local Encrypted Volumes.
[[0;32m  OK  [0m] Stopped Forward Password Requests to Wall Directory Watch.
[[0;32m  OK  [0m] Stopped Dispatch Password Requests to Console Directory Watch.
         Stopping Update UTMP about System Boot/Shutdown...
[[0;32m  OK  [0m] Stopped Commit a transient machine-id on disk.
[[0;32m  OK  [0m] Stopped Initial cloud-init job (metadata service crawler).
[[0;32m  OK  [0m] Stopped Initial cloud-init job (pre-networking).
[[0;32m  OK  [0m] Stopped Apply Kernel Variables.
[[0;32m  OK  [0m] Stopped Load Kernel Modules.
[[0;32m  OK  [0m] Stopped Load/Save Random Seed.
[[0;32m  OK  [0m] Stopped Update UTMP about System Boot/Shutdown.
[[0;32m  OK  [0m] Stopped Create Volatile Files and Directories.
[[0;32m  OK  [0m] Stopped target Local File Systems.
         Unmounting /run/user/1000...
[[0;32m  OK  [0m] Unmounted /run/user/1000.
[[0;32m  OK  [0m] Reached target Unmount All Filesystems.
[[0;32m  OK  [0m] Stopped target Local File Systems (Pre).
[[0;32m  OK  [0m] Stopped Remount Root and Kernel File Systems.
[[0;32m  OK  [0m] Stopped Create Static Device Nodes in /dev.
         Stopping Monitoring of LVM2 mirrorsâ€¦ng dmeventd or progress polling...
[[0;32m  OK  [0m] Stopped target Swap.
[[0;32m  OK  [0m] Reached target Shutdown.
[[0;32m  OK  [0m] Reached target Final Step.
         Starting Power-Off...
[13331.567755] reboot: Power down
